// Jest Snapshot v1, https://goo.gl/fbAQLP

exports[`<EditEvent /> basic functionality should render correctly 1`] = `
<div
  className="edit-event"
>
  <EventForm
    auth={
      Object {
        "uid": "abc123",
      }
    }
    event={
      Object {
        "category": "sports",
        "date": 345600000,
        "description": "Lorem ipsum text",
        "eventName": "Cool Event Title",
        "id": "-LDTTYL9PSqqroO6JLYh",
        "imageUrl": "https://image.com",
        "interestedUsers": "none",
        "location": "123 Elm St.",
        "selectedUser": "none",
        "time": "02:13",
        "uid": "abc123",
        "uninterestedUsers": "none",
        "userId": "abc123",
        "userName": "Rachel Deckard",
      }
    }
    onSubmit={[Function]}
    profile={
      Object {
        "acceptedEvents": Object {
          "-LC1oouVZ2uS2WVF1GNR": false,
          "-LCaSYc1PdYqDHpfxbyk": false,
          "-LCaig9Xu1qk07j-qclP": false,
        },
        "birthDate": "1976-11-04",
        "city": "The Sprawl!!!",
        "createdAt": 1526041717660,
        "description": "I am a replicant! I think. I know...!",
        "firstName": "Rachel",
        "lastName": "Deckard",
        "photoURL": "https://ih0.redbubble.net/image.14393202.3421/flat,800x800,070,f.u1.jpg",
        "state": "Ga",
        "updatedAt": 1527427279191,
        "userEvents": Object {
          "-LCfyBNNDMw6CHxm0uQT": false,
          "-LCxprm-OcVySt_LXZiz": false,
          "-LDMwtJqajA7RCImcxS1": false,
        },
      }
    }
  />
</div>
`;
